// Jest Snapshot v1, https://goo.gl/fbAQLP

exports[`Describbe la clase AddCategory Debe de mostrarse correctamente 1`] = `
<form
  onSubmit={[Function]}
>
  <p>
     
     
  </p>
  <input
    onChange={[Function]}
    type="Text"
    value=""
  />
</form>
`;
